// Jest Snapshot v1, https://goo.gl/fbAQLP

exports[`should render correctly 1`] = `
<View>
  <View
    accessibilityState={
      Object {
        "disabled": true,
      }
    }
    accessible={true}
    collapsable={false}
    focusable={false}
    onClick={[Function]}
    onResponderGrant={[Function]}
    onResponderMove={[Function]}
    onResponderRelease={[Function]}
    onResponderTerminate={[Function]}
    onResponderTerminationRequest={[Function]}
    onStartShouldSetResponder={[Function]}
    style={
      Object {
        "borderRadius": 8,
        "height": 1420,
        "opacity": 1,
        "width": 710,
      }
    }
    testID="ContainerTouchableOpacity"
  >
    <Image
      collapsable={false}
      onLoad={[Function]}
      source={
        Object {
          "testUri": "../../../src/assets/images/app/iconIos.png",
        }
      }
      style={
        Object {
          "borderBottomLeftRadius": undefined,
          "borderBottomRightRadius": undefined,
          "borderRadius": 8,
          "borderTopLeftRadius": undefined,
          "borderTopRightRadius": undefined,
          "height": 1420,
          "opacity": 1,
          "width": 710,
        }
      }
      testID="Image"
    />
  </View>
  <Modal
    animationType="fade"
    hardwareAccelerated={true}
    presentationStyle="overFullScreen"
    statusBarTranslucent={true}
    testID="ImageViewerModal"
    transparent={true}
    visible={false}
  />
</View>
`;
