// Jest Snapshot v1, https://goo.gl/fbAQLP

exports[`should be visible when focusing 1`] = `<StatusBar />`;
