// Jest Snapshot v1, https://goo.gl/fbAQLP

exports[`should render correctly 1`] = `
<View
  style={
    Array [
      Array [
        Object {},
        undefined,
      ],
    ]
  }
  testID="View"
/>
`;
